/cluster/data/hg17/nib/chr1.nib
/cluster/data/hg17/nib/chr10.nib
/cluster/data/hg17/nib/chr10_random.nib
/cluster/data/hg17/nib/chr11.nib
/cluster/data/hg17/nib/chr12.nib
/cluster/data/hg17/nib/chr12_random.nib
/cluster/data/hg17/nib/chr13.nib
/cluster/data/hg17/nib/chr13_random.nib
/cluster/data/hg17/nib/chr14.nib
/cluster/data/hg17/nib/chr15.nib
/cluster/data/hg17/nib/chr15_random.nib
/cluster/data/hg17/nib/chr16.nib
/cluster/data/hg17/nib/chr16_random.nib
/cluster/data/hg17/nib/chr17.nib
/cluster/data/hg17/nib/chr17_random.nib
/cluster/data/hg17/nib/chr18.nib
/cluster/data/hg17/nib/chr18_random.nib
/cluster/data/hg17/nib/chr19.nib
/cluster/data/hg17/nib/chr19_random.nib
/cluster/data/hg17/nib/chr1_random.nib
/cluster/data/hg17/nib/chr2.nib
/cluster/data/hg17/nib/chr20.nib
/cluster/data/hg17/nib/chr21.nib
/cluster/data/hg17/nib/chr22.nib
/cluster/data/hg17/nib/chr22_random.nib
/cluster/data/hg17/nib/chr2_random.nib
/cluster/data/hg17/nib/chr3.nib
/cluster/data/hg17/nib/chr3_random.nib
/cluster/data/hg17/nib/chr4.nib
/cluster/data/hg17/nib/chr4_random.nib
/cluster/data/hg17/nib/chr5.nib
/cluster/data/hg17/nib/chr5_random.nib
/cluster/data/hg17/nib/chr6.nib
/cluster/data/hg17/nib/chr6_hla_hap1.nib
/cluster/data/hg17/nib/chr6_hla_hap2.nib
/cluster/data/hg17/nib/chr6_random.nib
/cluster/data/hg17/nib/chr7.nib
/cluster/data/hg17/nib/chr7_random.nib
/cluster/data/hg17/nib/chr8.nib
/cluster/data/hg17/nib/chr8_random.nib
/cluster/data/hg17/nib/chr9.nib
/cluster/data/hg17/nib/chr9_random.nib
/cluster/data/hg17/nib/chrM.nib
/cluster/data/hg17/nib/chrX.nib
/cluster/data/hg17/nib/chrX_random.nib
/cluster/data/hg17/nib/chrY.nib
