/scratch/hg/gs.19/build36/bothMaskedNibs/chr1.nib
/scratch/hg/gs.19/build36/bothMaskedNibs/chr10.nib
/scratch/hg/gs.19/build36/bothMaskedNibs/chr10_random.nib
/scratch/hg/gs.19/build36/bothMaskedNibs/chr11.nib
/scratch/hg/gs.19/build36/bothMaskedNibs/chr11_random.nib
/scratch/hg/gs.19/build36/bothMaskedNibs/chr12.nib
/scratch/hg/gs.19/build36/bothMaskedNibs/chr13.nib
/scratch/hg/gs.19/build36/bothMaskedNibs/chr13_random.nib
/scratch/hg/gs.19/build36/bothMaskedNibs/chr14.nib
/scratch/hg/gs.19/build36/bothMaskedNibs/chr15.nib
/scratch/hg/gs.19/build36/bothMaskedNibs/chr15_random.nib
/scratch/hg/gs.19/build36/bothMaskedNibs/chr16.nib
/scratch/hg/gs.19/build36/bothMaskedNibs/chr16_random.nib
/scratch/hg/gs.19/build36/bothMaskedNibs/chr17.nib
/scratch/hg/gs.19/build36/bothMaskedNibs/chr17_random.nib
/scratch/hg/gs.19/build36/bothMaskedNibs/chr18.nib
/scratch/hg/gs.19/build36/bothMaskedNibs/chr18_random.nib
/scratch/hg/gs.19/build36/bothMaskedNibs/chr19.nib
/scratch/hg/gs.19/build36/bothMaskedNibs/chr19_random.nib
/scratch/hg/gs.19/build36/bothMaskedNibs/chr1_random.nib
/scratch/hg/gs.19/build36/bothMaskedNibs/chr2.nib
/scratch/hg/gs.19/build36/bothMaskedNibs/chr20.nib
/scratch/hg/gs.19/build36/bothMaskedNibs/chr21.nib
/scratch/hg/gs.19/build36/bothMaskedNibs/chr21_random.nib
/scratch/hg/gs.19/build36/bothMaskedNibs/chr22.nib
/scratch/hg/gs.19/build36/bothMaskedNibs/chr22_h2_hap1.nib
/scratch/hg/gs.19/build36/bothMaskedNibs/chr22_random.nib
/scratch/hg/gs.19/build36/bothMaskedNibs/chr2_random.nib
/scratch/hg/gs.19/build36/bothMaskedNibs/chr3.nib
/scratch/hg/gs.19/build36/bothMaskedNibs/chr3_random.nib
/scratch/hg/gs.19/build36/bothMaskedNibs/chr4.nib
/scratch/hg/gs.19/build36/bothMaskedNibs/chr4_random.nib
/scratch/hg/gs.19/build36/bothMaskedNibs/chr5.nib
/scratch/hg/gs.19/build36/bothMaskedNibs/chr5_h2_hap1.nib
/scratch/hg/gs.19/build36/bothMaskedNibs/chr5_random.nib
/scratch/hg/gs.19/build36/bothMaskedNibs/chr6.nib
/scratch/hg/gs.19/build36/bothMaskedNibs/chr6_cox_hap1.nib
/scratch/hg/gs.19/build36/bothMaskedNibs/chr6_qbl_hap2.nib
/scratch/hg/gs.19/build36/bothMaskedNibs/chr6_random.nib
/scratch/hg/gs.19/build36/bothMaskedNibs/chr7.nib
/scratch/hg/gs.19/build36/bothMaskedNibs/chr7_random.nib
/scratch/hg/gs.19/build36/bothMaskedNibs/chr8.nib
/scratch/hg/gs.19/build36/bothMaskedNibs/chr8_random.nib
/scratch/hg/gs.19/build36/bothMaskedNibs/chr9.nib
/scratch/hg/gs.19/build36/bothMaskedNibs/chr9_random.nib
/scratch/hg/gs.19/build36/bothMaskedNibs/chrM.nib
/scratch/hg/gs.19/build36/bothMaskedNibs/chrX.nib
/scratch/hg/gs.19/build36/bothMaskedNibs/chrX_random.nib
/scratch/hg/gs.19/build36/bothMaskedNibs/chrY.nib
