/hive/users/kent/regulate/companion/txn/normalized/Gm12878.bw
/hive/users/kent/regulate/companion/txn/normalized/H1hesc.bw
/hive/users/kent/regulate/companion/txn/normalized/Hsmm.bw
/hive/users/kent/regulate/companion/txn/normalized/Huvec.bw
/hive/users/kent/regulate/companion/txn/normalized/K562.bw
/hive/users/kent/regulate/companion/txn/normalized/Nhek.bw
/hive/users/kent/regulate/companion/txn/normalized/Nhlf.bw
/hive/users/kent/regulate/companion/dnase/normalized/Gm12878.bw
/hive/users/kent/regulate/companion/dnase/normalized/H1hesc.bw
/hive/users/kent/regulate/companion/dnase/normalized/Hsmm.bw
/hive/users/kent/regulate/companion/dnase/normalized/Huvec.bw
/hive/users/kent/regulate/companion/dnase/normalized/K562.bw
/hive/users/kent/regulate/companion/dnase/normalized/Nhek.bw
/hive/users/kent/regulate/companion/dnase/normalized/Nhlf.bw
/hive/users/kent/regulate/companion/histones/normalized/wgEncodeBroadHistoneGm12878H3k27acNormSig.bw
/hive/users/kent/regulate/companion/histones/normalized/wgEncodeBroadHistoneGm12878H3k4me1NormSig.bw
/hive/users/kent/regulate/companion/histones/normalized/wgEncodeBroadHistoneGm12878H3k4me3NormSig.bw
/hive/users/kent/regulate/companion/histones/normalized/wgEncodeBroadHistoneH1hescH3k27acNormSig.bw
/hive/users/kent/regulate/companion/histones/normalized/wgEncodeBroadHistoneH1hescH3k4me1NormSig.bw
/hive/users/kent/regulate/companion/histones/normalized/wgEncodeBroadHistoneH1hescH3k4me3NormSig.bw
/hive/users/kent/regulate/companion/histones/normalized/wgEncodeBroadHistoneHmecH3k27acNormSig.bw
/hive/users/kent/regulate/companion/histones/normalized/wgEncodeBroadHistoneHmecH3k4me1NormSig.bw
/hive/users/kent/regulate/companion/histones/normalized/wgEncodeBroadHistoneHmecH3k4me3NormSig.bw
/hive/users/kent/regulate/companion/histones/normalized/wgEncodeBroadHistoneHsmmH3k27acNormSig.bw
/hive/users/kent/regulate/companion/histones/normalized/wgEncodeBroadHistoneHsmmH3k4me1NormSig.bw
/hive/users/kent/regulate/companion/histones/normalized/wgEncodeBroadHistoneHsmmH3k4me3NormSig.bw
/hive/users/kent/regulate/companion/histones/normalized/wgEncodeBroadHistoneHsmmtH3k27acNormSig.bw
/hive/users/kent/regulate/companion/histones/normalized/wgEncodeBroadHistoneHsmmtH3k4me1NormSig.bw
/hive/users/kent/regulate/companion/histones/normalized/wgEncodeBroadHistoneHsmmtH3k4me3NormSig.bw
/hive/users/kent/regulate/companion/histones/normalized/wgEncodeBroadHistoneHuvecH3k27acNormSig.bw
/hive/users/kent/regulate/companion/histones/normalized/wgEncodeBroadHistoneHuvecH3k4me1NormSig.bw
/hive/users/kent/regulate/companion/histones/normalized/wgEncodeBroadHistoneHuvecH3k4me3NormSig.bw
/hive/users/kent/regulate/companion/histones/normalized/wgEncodeBroadHistoneK562H3k27acNormSig.bw
/hive/users/kent/regulate/companion/histones/normalized/wgEncodeBroadHistoneK562H3k4me1NormSig.bw
/hive/users/kent/regulate/companion/histones/normalized/wgEncodeBroadHistoneK562H3k4me3NormSig.bw
/hive/users/kent/regulate/companion/histones/normalized/wgEncodeBroadHistoneNhaH3k27acNormSig.bw
/hive/users/kent/regulate/companion/histones/normalized/wgEncodeBroadHistoneNhaH3k4me1NormSig.bw
/hive/users/kent/regulate/companion/histones/normalized/wgEncodeBroadHistoneNhaH3k4me3NormSig.bw
/hive/users/kent/regulate/companion/histones/normalized/wgEncodeBroadHistoneNhekH3k27acNormSig.bw
/hive/users/kent/regulate/companion/histones/normalized/wgEncodeBroadHistoneNhekH3k4me1NormSig.bw
/hive/users/kent/regulate/companion/histones/normalized/wgEncodeBroadHistoneNhekH3k4me3NormSig.bw
/hive/users/kent/regulate/companion/histones/normalized/wgEncodeBroadHistoneNhlfH3k27acNormSig.bw
/hive/users/kent/regulate/companion/histones/normalized/wgEncodeBroadHistoneNhlfH3k4me1NormSig.bw
/hive/users/kent/regulate/companion/histones/normalized/wgEncodeBroadHistoneNhlfH3k4me3NormSig.bw
